[[
acpid
adjtimex
ar
arch
arp
arping
ascii
base32
bbconfig
beep
blkdiscard
blkid
brctl
bunzip2
bzcat
bzip2
chat
chvt
conspy
crc32
crond
crontab
cttyhack
dc
deallocvt
depmod
dhcprelay
dnsd
dnsdomainname
dumpkmap
dumpleases
ed
eject
ether-wake
factor
fakeidentd
fatattr
fbset
fbsplash
fdflush
fdformat
fdisk
fgconsole
findfs
flash_eraseall
flash_lock
flash_unlock
fold
freeramdisk
fsck
fsck.minix
fsfreeze
fstrim
ftpd
ftpget
ftpput
fuser
getopt
hd
hdparm
hexdump
hexedit
httpd
hush
ifdown
ifenslave
ifplugd
ifup
inetd
iostat
ip
ipaddr
ipcalc
ipcrm
ipcs
iplink
ipneigh
iproute
iprule
iptunnel
kbd_mode
killall5
klogd
less
link
loadfont
loadkmap
logread
lsscsi
lzcat
lzop
lzopcat
makedevs
makemime
man
mesg
mim
mkfs.ext2
mpstat
nameif
nanddump
nandwrite
nbd-client
nmeter
nologin
nslookup
nuke
openvt
partprobe
ping
ping6
pipe_progress
pivot_root
popmaildir
powertop
pscan
pstree
pwdx
raidautorun
rdate
rdev
readprofile
reformime
reset
resize
resume
rev
rfkill
route
run-init
run-parts
rx
script
scriptreplay
seedrng
selinuxenabled
sendmail
sestatus
setconsole
setfattr
setfont
setkeycodes
setlogcons
setpriv
setserial
setuidgid
sha3sum
showkey
shred
shuf
slattach
smemcap
ssl_client
start-stop-daemon
sum
svc
svok
switch_root
syslogd
tc
tcpsvd
telnet
telnetd
tftp
tftpd
traceroute
traceroute6
tree
ts
tsort
ttysize
tunctl
ubiattach
ubidetach
ubimkvol
ubirename
ubirmvol
ubirsvol
ubiupdatevol
udhcpc
udhcpc6
udhcpd
udpsvd
uevent
uncompress
unexpand
unlzma
unlzop
unxz
vconfig
vi
volname
watchdog
wget
whois
xzcat
zcip
